Selected 100 CNF files from 2 priority folders (limit 100 per folder): sat/UF75.325.100, unsat/UUF75.325.100
[OK] test/sat/UF75.325.100/uf75-01.cnf: expected=SAT actual=SAT DLIS=1 watched-literals=0
[OK] test/sat/UF75.325.100/uf75-02.cnf: expected=SAT actual=SAT DLIS=1 watched-literals=0
[OK] test/sat/UF75.325.100/uf75-03.cnf: expected=SAT actual=SAT DLIS=1 watched-literals=0
[OK] test/sat/UF75.325.100/uf75-04.cnf: expected=SAT actual=SAT DLIS=1 watched-literals=0
[OK] test/sat/UF75.325.100/uf75-05.cnf: expected=SAT actual=SAT DLIS=1 watched-literals=0
[OK] test/sat/UF75.325.100/uf75-06.cnf: expected=SAT actual=SAT DLIS=1 watched-literals=0
[OK] test/sat/UF75.325.100/uf75-07.cnf: expected=SAT actual=SAT DLIS=1 watched-literals=0
[OK] test/sat/UF75.325.100/uf75-08.cnf: expected=SAT actual=SAT DLIS=1 watched-literals=0
[OK] test/sat/UF75.325.100/uf75-09.cnf: expected=SAT actual=SAT DLIS=1 watched-literals=0
[OK] test/sat/UF75.325.100/uf75-010.cnf: expected=SAT actual=SAT DLIS=1 watched-literals=0
[OK] test/sat/UF75.325.100/uf75-011.cnf: expected=SAT actual=SAT DLIS=1 watched-literals=0
[OK] test/sat/UF75.325.100/uf75-012.cnf: expected=SAT actual=SAT DLIS=1 watched-literals=0
[OK] test/sat/UF75.325.100/uf75-013.cnf: expected=SAT actual=SAT DLIS=1 watched-literals=0
[OK] test/sat/UF75.325.100/uf75-014.cnf: expected=SAT actual=SAT DLIS=1 watched-literals=0
[OK] test/sat/UF75.325.100/uf75-015.cnf: expected=SAT actual=SAT DLIS=1 watched-literals=0
[OK] test/sat/UF75.325.100/uf75-016.cnf: expected=SAT actual=SAT DLIS=1 watched-literals=0
[OK] test/sat/UF75.325.100/uf75-017.cnf: expected=SAT actual=SAT DLIS=1 watched-literals=0
[OK] test/sat/UF75.325.100/uf75-018.cnf: expected=SAT actual=SAT DLIS=1 watched-literals=0
[OK] test/sat/UF75.325.100/uf75-019.cnf: expected=SAT actual=SAT DLIS=1 watched-literals=0
[OK] test/sat/UF75.325.100/uf75-020.cnf: expected=SAT actual=SAT DLIS=1 watched-literals=0
[OK] test/sat/UF75.325.100/uf75-021.cnf: expected=SAT actual=SAT DLIS=1 watched-literals=0
[OK] test/sat/UF75.325.100/uf75-022.cnf: expected=SAT actual=SAT DLIS=1 watched-literals=0
[OK] test/sat/UF75.325.100/uf75-023.cnf: expected=SAT actual=SAT DLIS=1 watched-literals=0
[OK] test/sat/UF75.325.100/uf75-024.cnf: expected=SAT actual=SAT DLIS=1 watched-literals=0
[OK] test/sat/UF75.325.100/uf75-025.cnf: expected=SAT actual=SAT DLIS=1 watched-literals=0
[OK] test/sat/UF75.325.100/uf75-026.cnf: expected=SAT actual=SAT DLIS=1 watched-literals=0
[OK] test/sat/UF75.325.100/uf75-027.cnf: expected=SAT actual=SAT DLIS=1 watched-literals=0
[OK] test/sat/UF75.325.100/uf75-028.cnf: expected=SAT actual=SAT DLIS=1 watched-literals=0
[OK] test/sat/UF75.325.100/uf75-029.cnf: expected=SAT actual=SAT DLIS=1 watched-literals=0
[OK] test/sat/UF75.325.100/uf75-030.cnf: expected=SAT actual=SAT DLIS=1 watched-literals=0
[OK] test/sat/UF75.325.100/uf75-031.cnf: expected=SAT actual=SAT DLIS=1 watched-literals=0
[OK] test/sat/UF75.325.100/uf75-032.cnf: expected=SAT actual=SAT DLIS=1 watched-literals=0
[OK] test/sat/UF75.325.100/uf75-033.cnf: expected=SAT actual=SAT DLIS=1 watched-literals=0
[OK] test/sat/UF75.325.100/uf75-034.cnf: expected=SAT actual=SAT DLIS=1 watched-literals=0
[OK] test/sat/UF75.325.100/uf75-035.cnf: expected=SAT actual=SAT DLIS=1 watched-literals=0
[OK] test/sat/UF75.325.100/uf75-036.cnf: expected=SAT actual=SAT DLIS=1 watched-literals=0
[OK] test/sat/UF75.325.100/uf75-037.cnf: expected=SAT actual=SAT DLIS=1 watched-literals=0
[OK] test/sat/UF75.325.100/uf75-038.cnf: expected=SAT actual=SAT DLIS=1 watched-literals=0
[OK] test/sat/UF75.325.100/uf75-039.cnf: expected=SAT actual=SAT DLIS=1 watched-literals=0
[OK] test/sat/UF75.325.100/uf75-040.cnf: expected=SAT actual=SAT DLIS=1 watched-literals=0
[OK] test/sat/UF75.325.100/uf75-041.cnf: expected=SAT actual=SAT DLIS=1 watched-literals=0
[OK] test/sat/UF75.325.100/uf75-042.cnf: expected=SAT actual=SAT DLIS=1 watched-literals=0
[OK] test/sat/UF75.325.100/uf75-043.cnf: expected=SAT actual=SAT DLIS=1 watched-literals=0
[OK] test/sat/UF75.325.100/uf75-044.cnf: expected=SAT actual=SAT DLIS=1 watched-literals=0
[OK] test/sat/UF75.325.100/uf75-045.cnf: expected=SAT actual=SAT DLIS=1 watched-literals=0
[OK] test/sat/UF75.325.100/uf75-046.cnf: expected=SAT actual=SAT DLIS=1 watched-literals=0
[OK] test/sat/UF75.325.100/uf75-047.cnf: expected=SAT actual=SAT DLIS=1 watched-literals=0
[OK] test/sat/UF75.325.100/uf75-048.cnf: expected=SAT actual=SAT DLIS=1 watched-literals=0
[OK] test/sat/UF75.325.100/uf75-049.cnf: expected=SAT actual=SAT DLIS=1 watched-literals=0
[OK] test/sat/UF75.325.100/uf75-050.cnf: expected=SAT actual=SAT DLIS=1 watched-literals=0
[OK] test/unsat/UUF75.325.100/uuf75-01.cnf: expected=UNSAT actual=UNSAT DLIS=1 watched-literals=0
[OK] test/unsat/UUF75.325.100/uuf75-02.cnf: expected=UNSAT actual=UNSAT DLIS=1 watched-literals=0
[OK] test/unsat/UUF75.325.100/uuf75-03.cnf: expected=UNSAT actual=UNSAT DLIS=1 watched-literals=0
[OK] test/unsat/UUF75.325.100/uuf75-04.cnf: expected=UNSAT actual=UNSAT DLIS=1 watched-literals=0
[OK] test/unsat/UUF75.325.100/uuf75-05.cnf: expected=UNSAT actual=UNSAT DLIS=1 watched-literals=0
[OK] test/unsat/UUF75.325.100/uuf75-06.cnf: expected=UNSAT actual=UNSAT DLIS=1 watched-literals=0
[OK] test/unsat/UUF75.325.100/uuf75-07.cnf: expected=UNSAT actual=UNSAT DLIS=1 watched-literals=0
[OK] test/unsat/UUF75.325.100/uuf75-08.cnf: expected=UNSAT actual=UNSAT DLIS=1 watched-literals=0
[OK] test/unsat/UUF75.325.100/uuf75-09.cnf: expected=UNSAT actual=UNSAT DLIS=1 watched-literals=0
[OK] test/unsat/UUF75.325.100/uuf75-010.cnf: expected=UNSAT actual=UNSAT DLIS=1 watched-literals=0
[OK] test/unsat/UUF75.325.100/uuf75-011.cnf: expected=UNSAT actual=UNSAT DLIS=1 watched-literals=0
[OK] test/unsat/UUF75.325.100/uuf75-012.cnf: expected=UNSAT actual=UNSAT DLIS=1 watched-literals=0
[OK] test/unsat/UUF75.325.100/uuf75-013.cnf: expected=UNSAT actual=UNSAT DLIS=1 watched-literals=0
[OK] test/unsat/UUF75.325.100/uuf75-014.cnf: expected=UNSAT actual=UNSAT DLIS=1 watched-literals=0
[OK] test/unsat/UUF75.325.100/uuf75-015.cnf: expected=UNSAT actual=UNSAT DLIS=1 watched-literals=0
[OK] test/unsat/UUF75.325.100/uuf75-016.cnf: expected=UNSAT actual=UNSAT DLIS=1 watched-literals=0
[OK] test/unsat/UUF75.325.100/uuf75-017.cnf: expected=UNSAT actual=UNSAT DLIS=1 watched-literals=0
[OK] test/unsat/UUF75.325.100/uuf75-018.cnf: expected=UNSAT actual=UNSAT DLIS=1 watched-literals=0
[OK] test/unsat/UUF75.325.100/uuf75-019.cnf: expected=UNSAT actual=UNSAT DLIS=1 watched-literals=0
[OK] test/unsat/UUF75.325.100/uuf75-020.cnf: expected=UNSAT actual=UNSAT DLIS=1 watched-literals=0
[OK] test/unsat/UUF75.325.100/uuf75-021.cnf: expected=UNSAT actual=UNSAT DLIS=1 watched-literals=0
[OK] test/unsat/UUF75.325.100/uuf75-022.cnf: expected=UNSAT actual=UNSAT DLIS=1 watched-literals=0
[OK] test/unsat/UUF75.325.100/uuf75-023.cnf: expected=UNSAT actual=UNSAT DLIS=1 watched-literals=0
[OK] test/unsat/UUF75.325.100/uuf75-024.cnf: expected=UNSAT actual=UNSAT DLIS=1 watched-literals=0
[OK] test/unsat/UUF75.325.100/uuf75-025.cnf: expected=UNSAT actual=UNSAT DLIS=1 watched-literals=0
[OK] test/unsat/UUF75.325.100/uuf75-026.cnf: expected=UNSAT actual=UNSAT DLIS=1 watched-literals=0
[OK] test/unsat/UUF75.325.100/uuf75-027.cnf: expected=UNSAT actual=UNSAT DLIS=1 watched-literals=0
[OK] test/unsat/UUF75.325.100/uuf75-028.cnf: expected=UNSAT actual=UNSAT DLIS=1 watched-literals=0
[OK] test/unsat/UUF75.325.100/uuf75-029.cnf: expected=UNSAT actual=UNSAT DLIS=1 watched-literals=0
[OK] test/unsat/UUF75.325.100/uuf75-030.cnf: expected=UNSAT actual=UNSAT DLIS=1 watched-literals=0
[OK] test/unsat/UUF75.325.100/uuf75-031.cnf: expected=UNSAT actual=UNSAT DLIS=1 watched-literals=0
[OK] test/unsat/UUF75.325.100/uuf75-032.cnf: expected=UNSAT actual=UNSAT DLIS=1 watched-literals=0
[OK] test/unsat/UUF75.325.100/uuf75-033.cnf: expected=UNSAT actual=UNSAT DLIS=1 watched-literals=0
[OK] test/unsat/UUF75.325.100/uuf75-034.cnf: expected=UNSAT actual=UNSAT DLIS=1 watched-literals=0
[OK] test/unsat/UUF75.325.100/uuf75-035.cnf: expected=UNSAT actual=UNSAT DLIS=1 watched-literals=0
[OK] test/unsat/UUF75.325.100/uuf75-036.cnf: expected=UNSAT actual=UNSAT DLIS=1 watched-literals=0
[OK] test/unsat/UUF75.325.100/uuf75-037.cnf: expected=UNSAT actual=UNSAT DLIS=1 watched-literals=0
[OK] test/unsat/UUF75.325.100/uuf75-038.cnf: expected=UNSAT actual=UNSAT DLIS=1 watched-literals=0
[OK] test/unsat/UUF75.325.100/uuf75-039.cnf: expected=UNSAT actual=UNSAT DLIS=1 watched-literals=0
[OK] test/unsat/UUF75.325.100/uuf75-040.cnf: expected=UNSAT actual=UNSAT DLIS=1 watched-literals=0
[OK] test/unsat/UUF75.325.100/uuf75-041.cnf: expected=UNSAT actual=UNSAT DLIS=1 watched-literals=0
[OK] test/unsat/UUF75.325.100/uuf75-042.cnf: expected=UNSAT actual=UNSAT DLIS=1 watched-literals=0
[OK] test/unsat/UUF75.325.100/uuf75-043.cnf: expected=UNSAT actual=UNSAT DLIS=1 watched-literals=0
[OK] test/unsat/UUF75.325.100/uuf75-044.cnf: expected=UNSAT actual=UNSAT DLIS=1 watched-literals=0
[OK] test/unsat/UUF75.325.100/uuf75-045.cnf: expected=UNSAT actual=UNSAT DLIS=1 watched-literals=0
[OK] test/unsat/UUF75.325.100/uuf75-046.cnf: expected=UNSAT actual=UNSAT DLIS=1 watched-literals=0
[OK] test/unsat/UUF75.325.100/uuf75-047.cnf: expected=UNSAT actual=UNSAT DLIS=1 watched-literals=0
[OK] test/unsat/UUF75.325.100/uuf75-048.cnf: expected=UNSAT actual=UNSAT DLIS=1 watched-literals=0
[OK] test/unsat/UUF75.325.100/uuf75-049.cnf: expected=UNSAT actual=UNSAT DLIS=1 watched-literals=0
[OK] test/unsat/UUF75.325.100/uuf75-050.cnf: expected=UNSAT actual=UNSAT DLIS=1 watched-literals=0
Wrote 100 rows to UF75_both_1200_W0D1.csv
Correct results: 100/100
